// Jest Snapshot v1, https://goo.gl/fbAQLP

exports[`should render ExpenseListItem with expense 1`] = `
<div>
  <Link
    replace={false}
    to="/edit/1"
  >
    <h3>
      thing-1
    </h3>
  </Link>
  <p>
     $
    1.11
     - 
    0
     
  </p>
</div>
`;
